[backblue.gif]
[fade.gif]
[index.html]
[www.shi.co.jp/english/app-files/img/symbol/ogp.png]
[www.shi.co.jp/english/app-files/img/symbol/favicon.ico]
[www.shi.co.jp/english/app-files/img/symbol/apple-touch-icon.png]
[www.shi.co.jp/english/app-files/img/cmn_main_logo01.png]
[www.shi.co.jp/english/img/home_hero_im01.jpg]
[www.shi.co.jp/english/img/home_brand_im01.png]
[www.shi.co.jp/english/img/home_technology_im01.jpg]
[www.shi.co.jp/english/img/home_about_im01.jpg]
[www.shi.co.jp/english/img/home_about_im02.jpg]
[www.shi.co.jp/english/index.html]
[www.shi.co.jp/english/app-files/img/cmn_modal_jc01.png]
[www.shi.co.jp/english/app-files/img/cmn_modal_jc02.png]
[www.shi.co.jp/english/img/home_brand_bg01.jpg]
[www.shi.co.jp/english/img/home-sustainability_bg01.jpg]
[www.shi.co.jp/english/img/home_about_map_bg01.png]
[www.shi.co.jp/english/img/home_brand_bg01-r2x.jpg]
[www.shi.co.jp/english/img/home-sustainability_bg01-r2x.jpg]
[www.shi.co.jp/english/img/home_about_map_bg01-r2x.png]
[www.shi.co.jp/english/app-files/css/custom/home.css]
[www.shi.co.jp/english/products/img/index_segment_im01.jpg]
[www.shi.co.jp/english/products/img/index_segment_im02.jpg]
[www.shi.co.jp/english/products/img/index_segment_im03.jpg]
[www.shi.co.jp/english/products/img/index_segment_im04.jpg]
[www.shi.co.jp/english/products/img/index_category_im01.jpg]
[www.shi.co.jp/english/products/img/index_category_im02.jpg]
[www.shi.co.jp/english/products/img/index_category_im03.jpg]
[www.shi.co.jp/english/products/img/index_category_im04.jpg]
[www.shi.co.jp/english/products/img/index_category_im05.jpg]
[www.shi.co.jp/english/products/img/index_category_im06.jpg]
[www.shi.co.jp/english/products/img/index_category_im07.jpg]
[www.shi.co.jp/english/products/img/index_category_im08.jpg]
[www.shi.co.jp/english/products/img/index_category_im09.jpg]
[www.shi.co.jp/english/products/img/index_category_im10.jpg]
[www.shi.co.jp/english/products/img/index_category_im11.jpg]
[www.shi.co.jp/english/products/img/index_category_im12.jpg]
[www.shi.co.jp/english/app-files/img/cmn_related_im03.jpg]
[www.shi.co.jp/english/app-files/img/cmn_related_im04.jpg]
[www.shi.co.jp/english/app-files/img/cmn_related_im05.jpg]
[www.shi.co.jp/english/products/index.html]
[www.shi.co.jp/english/products/mechatronics/img/index_im01.jpg]
[www.shi.co.jp/english/products/mechatronics/img/index_im02.jpg]
[www.shi.co.jp/english/products/mechatronics/img/index_im03.jpg]
[www.shi.co.jp/english/products/mechatronics/img/index_im04.jpg]
[www.shi.co.jp/english/products/mechatronics/img/index_im10.jpg]
[www.shi.co.jp/english/products/mechatronics/img/index_im05.jpg]
[www.shi.co.jp/english/products/mechatronics/img/index_im06.jpg]
[www.shi.co.jp/english/products/mechatronics/img/index_im07.jpg]
[www.shi.co.jp/english/products/mechatronics/img/index_im08.jpg]
[www.shi.co.jp/english/products/mechatronics/img/index_im09.jpg]
[www.shi.co.jp/english/products/mechatronics/index.html]
[www.shi.co.jp/english/products/machinery/img/index_im01.jpg]
[www.shi.co.jp/english/products/machinery/img/index_im02.jpg]
[www.shi.co.jp/english/products/machinery/img/index_im03.jpg]
[www.shi.co.jp/english/products/machinery/img/index_im04.jpg]
[www.shi.co.jp/english/products/machinery/img/index_im09.jpg]
[www.shi.co.jp/english/products/machinery/img/index_im05.jpg]
[www.shi.co.jp/english/products/machinery/img/index_im06.jpg]
[www.shi.co.jp/english/products/machinery/img/index_im07.jpg]
[www.shi.co.jp/english/products/machinery/img/index_im08.jpg]
[www.shi.co.jp/english/products/machinery/img/index_im10.jpg]
[www.shi.co.jp/english/products/machinery/img/index_im20.jpg]
[www.shi.co.jp/english/products/machinery/img/index_im15.jpg]
[www.shi.co.jp/english/products/machinery/img/index_im16.jpg]
[www.shi.co.jp/english/products/machinery/img/index_im17.jpg]
[www.shi.co.jp/english/products/machinery/img/index_im18.jpg]
[www.shi.co.jp/english/products/machinery/img/index_im19.jpg]
[www.shi.co.jp/english/products/machinery/img/index_im11.jpg]
[www.shi.co.jp/english/products/machinery/img/index_im12.jpg]
[www.shi.co.jp/english/products/machinery/img/index_im13.jpg]
[www.shi.co.jp/english/products/machinery/img/index_im14.jpg]
[www.shi.co.jp/english/products/machinery/index.html]
[www.shi.co.jp/english/products/logistics/img/index_im01.jpg]
[www.shi.co.jp/english/products/logistics/img/index_im02.jpg]
[www.shi.co.jp/english/products/logistics/img/index_im03.jpg]
[www.shi.co.jp/english/products/logistics/img/index_im04.jpg]
[www.shi.co.jp/english/products/logistics/img/index_im05.jpg]
[www.shi.co.jp/english/products/logistics/img/index_im06.jpg]
[www.shi.co.jp/english/products/logistics/img/index_im07.jpg]
[www.shi.co.jp/english/products/logistics/img/index_im08.jpg]
[www.shi.co.jp/english/products/logistics/index.html]
[www.shi.co.jp/english/products/energy/img/index_im01.jpg]
[www.shi.co.jp/english/products/energy/img/index_im16.jpg]
[www.shi.co.jp/english/products/energy/img/index_im17.jpg]
[www.shi.co.jp/english/products/energy/img/index_im02.jpg]
[www.shi.co.jp/english/products/energy/img/index_im03.jpg]
[www.shi.co.jp/english/products/energy/img/index_im04.jpg]
[www.shi.co.jp/english/products/energy/img/index_im05.jpg]
[www.shi.co.jp/english/products/energy/img/index_im18.jpg]
[www.shi.co.jp/english/products/energy/img/index_im19.jpg]
[www.shi.co.jp/english/products/energy/img/index_im20.jpg]
[www.shi.co.jp/english/products/energy/img/index_im21.jpg]
[www.shi.co.jp/english/products/energy/img/index_im22.jpg]
[www.shi.co.jp/english/products/energy/img/index_im23.jpg]
[www.shi.co.jp/english/products/energy/img/index_im24.jpg]
[www.shi.co.jp/english/products/energy/img/index_im13.jpg]
[www.shi.co.jp/english/products/energy/img/index_im14.jpg]
[www.shi.co.jp/english/products/energy/img/index_im07.jpg]
[www.shi.co.jp/english/products/energy/img/index_im08.jpg]
[www.shi.co.jp/english/products/energy/img/index_im09.jpg]
[www.shi.co.jp/english/products/energy/img/index_im10.jpg]
[www.shi.co.jp/english/products/energy/img/index_im11.jpg]
[www.shi.co.jp/english/products/energy/img/index_im12.jpg]
[www.shi.co.jp/english/products/energy/img/index_im15.jpg]
[www.shi.co.jp/english/products/energy/img/index_im06.jpg]
[www.shi.co.jp/english/products/energy/index.html]
[www.shi.co.jp/english/products/other/img/index_im01.jpg]
[www.shi.co.jp/english/products/other/img/index_im02.jpg]
[www.shi.co.jp/english/products/other/index.html]
[www.shi.co.jp/english/products/glossary/img/index_im01.jpg]
[www.shi.co.jp/english/products/glossary/img/index_im03.jpg]
[www.shi.co.jp/english/products/glossary/img/index_im02.jpg]
[www.shi.co.jp/english/products/glossary/img/index_im04.jpg]
[www.shi.co.jp/english/products/glossary/img/index_im05.jpg]
[www.shi.co.jp/english/products/glossary/img/index_im14.jpg]
[www.shi.co.jp/english/products/glossary/img/index_im11.jpg]
[www.shi.co.jp/english/products/glossary/img/index_im06.jpg]
[www.shi.co.jp/english/products/glossary/img/index_im08.jpg]
[www.shi.co.jp/english/products/glossary/img/index_im07.jpg]
[www.shi.co.jp/english/products/glossary/img/index_im09.jpg]
[www.shi.co.jp/english/products/glossary/img/index_im10.jpg]
[www.shi.co.jp/english/products/glossary/img/index_im19.jpg]
[www.shi.co.jp/english/products/glossary/img/index_im18.jpg]
[www.shi.co.jp/english/products/glossary/img/index_im16.jpg]
[www.shi.co.jp/english/products/glossary/img/index_im12.jpg]
[www.shi.co.jp/english/products/glossary/img/index_im17.jpg]
[www.shi.co.jp/english/products/glossary/img/index_im13.jpg]
[www.shi.co.jp/english/products/glossary/img/index_im15.jpg]
[www.shi.co.jp/english/products/glossary/index.html]
[www.shi.co.jp/english/tech/img/index_bg01.jpg]
[www.shi.co.jp/english/tech/img/index_im01.jpg]
[www.shi.co.jp/english/tech/img/index_im02.jpg]
[www.shi.co.jp/english/tech/img/index_im03.jpg]
[www.shi.co.jp/english/tech/img/index_im04.jpg]
[www.shi.co.jp/english/tech/img/index_im05.jpg]
[www.shi.co.jp/english/tech/img/index_im07.jpg]
[www.shi.co.jp/english/tech/img/index_im08.jpg]
[www.shi.co.jp/english/app-files/img/cmn_related_im25.jpg]
[www.shi.co.jp/english/app-files/img/cmn_related_im21.jpg]
[www.shi.co.jp/english/tech/index.html]
[www.shi.co.jp/english/tech/system/img/index_im01.jpg]
[www.shi.co.jp/english/tech/system/img/index_im02.jpg]
[www.shi.co.jp/english/tech/system/img/index_im05.jpg]
[www.shi.co.jp/english/tech/system/img/index_im06.jpg]
[www.shi.co.jp/english/tech/system/index.html]
[www.shi.co.jp/english/tech/introduction/img/index_im01.jpg]
[www.shi.co.jp/english/tech/introduction/index.html]
[www.shi.co.jp/english/tech/announce/index.html]
[www.shi.co.jp/english/tech/create/img/index_im11.jpg]
[www.shi.co.jp/english/tech/create/img/index_im10.jpg]
[www.shi.co.jp/english/tech/create/img/index_im08.jpg]
[www.shi.co.jp/english/tech/create/img/index_im07.jpg]
[www.shi.co.jp/english/tech/create/img/index_im06.jpg]
[www.shi.co.jp/english/tech/create/img/index_im05.jpg]
[www.shi.co.jp/english/tech/create/img/index_im04.jpg]
[www.shi.co.jp/english/tech/create/img/index_im03.jpg]
[www.shi.co.jp/english/tech/create/img/index_im02.jpg]
[www.shi.co.jp/english/tech/create/img/index_im01.jpg]
[www.shi.co.jp/english/tech/create/index.html]
[www.shi.co.jp/english/tech/technology/img/index_im01.jpg]
[www.shi.co.jp/english/tech/technology/img/index_im02.jpg]
[www.shi.co.jp/english/tech/technology/index.html]
[www.shi.co.jp/english/company/img/company_im01.png]
[www.shi.co.jp/english/company/img/company_im02.png]
[www.shi.co.jp/english/company/img/company_im03.png]
[www.shi.co.jp/english/company/img/company_im04.png]
[www.shi.co.jp/english/company/img/company_im05.png]
[www.shi.co.jp/english/company/img/company_im06.png]
[www.shi.co.jp/english/company/img/company_im07.png]
[www.shi.co.jp/english/company/img/company_im08.png]
[www.shi.co.jp/english/company/img/company_im09.jpg]
[www.shi.co.jp/english/company/img/company_im10.jpg]
[www.shi.co.jp/english/company/img/company_im11.jpg]
[www.shi.co.jp/english/company/img/company_im12.jpg]
[www.shi.co.jp/english/company/img/company_im13.jpg]
[www.shi.co.jp/english/company/img/company_im14.jpg]
[www.shi.co.jp/english/app-files/img/cmn_related_im19.jpg]
[www.shi.co.jp/english/company/index.html]
[www.shi.co.jp/english/company/message/img/index_im01.jpg]
[www.shi.co.jp/english/company/message/index.html]
[www.shi.co.jp/english/company/overview/index.html]
[www.shi.co.jp/english/company/philosophy/index.html]
[www.shi.co.jp/english/company/history/index.html]
[www.shi.co.jp/english/company/officer/img/index_im03.jpg]
[www.shi.co.jp/english/company/officer/img/index_im02.jpg]
[www.shi.co.jp/english/company/officer/img/index_im07.jpg]
[www.shi.co.jp/english/company/officer/img/index_im06.jpg]
[www.shi.co.jp/english/company/officer/img/index_im15.jpg]
[www.shi.co.jp/english/company/officer/img/index_im16.jpg]
[www.shi.co.jp/english/company/officer/img/index_im08.jpg]
[www.shi.co.jp/english/company/officer/img/index_im09.jpg]
[www.shi.co.jp/english/company/officer/img/index_im10.jpg]
[www.shi.co.jp/english/company/officer/img/index_im05.jpg]
[www.shi.co.jp/english/company/officer/img/index_im12.jpg]
[www.shi.co.jp/english/company/officer/img/index_im14.jpg]
[www.shi.co.jp/english/company/officer/img/index_im04.jpg]
[www.shi.co.jp/english/company/officer/index.html]
[www.shi.co.jp/english/company/organization/img/index_im01.jpg]
[www.shi.co.jp/english/company/organization/index.html]
[www.shi.co.jp/english/company/base/img/index_im01.jpg]
[www.shi.co.jp/english/company/base/index.html]
[www.shi.co.jp/english/company/material/img/index-ph01.jpg]
[www.shi.co.jp/english/company/material/img/index-ph02.jpg]
[www.shi.co.jp/english/company/material/img/index-ph03.jpg]
[www.shi.co.jp/english/company/material/img/index-ph04.jpg]
[www.shi.co.jp/english/company/material/index.html]
[www.shi.co.jp/english/company/prize/index.html]
[www.shi.co.jp/english/company/involvement/img/index_im01.png]
[www.shi.co.jp/english/company/involvement/img/index_modal_im01.jpg]
[www.shi.co.jp/english/company/involvement/img/index_modal_im02.jpg]
[www.shi.co.jp/english/company/involvement/img/index_modal_im03.jpg]
[www.shi.co.jp/english/company/involvement/img/index_modal_im04.jpg]
[www.shi.co.jp/english/company/involvement/img/index_modal_im05.jpg]
[www.shi.co.jp/english/company/involvement/img/index_modal_im06.jpg]
[www.shi.co.jp/english/company/involvement/img/index_modal_im07.jpg]
[www.shi.co.jp/english/company/involvement/img/index_modal_im08.jpg]
[www.shi.co.jp/english/company/involvement/img/index_modal_im09.jpg]
[www.shi.co.jp/english/company/involvement/img/index_modal_im10.jpg]
[www.shi.co.jp/english/company/involvement/img/index_modal_im11.jpg]
[www.shi.co.jp/english/company/involvement/img/index_modal_im12.jpg]
[www.shi.co.jp/english/company/involvement/img/index_modal_im13.jpg]
[www.shi.co.jp/english/company/involvement/img/index_modal_im14.jpg]
[www.shi.co.jp/english/company/involvement/img/index_modal_im15.jpg]
[www.shi.co.jp/english/company/involvement/img/index_modal_im16.jpg]
[www.shi.co.jp/english/company/involvement/img/index_modal_im17.jpg]
[www.shi.co.jp/english/company/involvement/img/index_modal_im18.jpg]
[www.shi.co.jp/english/company/involvement/img/index_modal_im19.jpg]
[www.shi.co.jp/english/company/involvement/img/index_modal_im20.jpg]
[www.shi.co.jp/english/company/involvement/img/index_modal_im21.jpg]
[www.shi.co.jp/english/company/involvement/index.html]
[www.shi.co.jp/english/ir/img/index_bg01.jpg]
[www.shi.co.jp/english/ir/img/index_bg02.jpg]
[www.shi.co.jp/english/ir/img/index_im01.jpg]
[www.shi.co.jp/english/ir/img/index_im02.jpg]
[www.shi.co.jp/english/ir/img/index_im03.png]
[www.shi.co.jp/english/app-files/img/cmn_related_im24.jpg]
[www.shi.co.jp/english/ir/index.html]
[www.shi.co.jp/english/ir/individuals/img/index_im01.jpg]
[www.shi.co.jp/english/ir/individuals/img/index_im02.jpg]
[www.shi.co.jp/english/ir/individuals/img/index_im03.jpg]
[www.shi.co.jp/english/ir/individuals/img/index_im04.jpg]
[www.shi.co.jp/english/ir/individuals/img/index_im05.jpg]
[www.shi.co.jp/english/ir/individuals/img/index_im06.jpg]
[www.shi.co.jp/english/ir/individuals/img/index_im07.jpg]
[www.shi.co.jp/english/ir/individuals/img/index_im08.jpg]
[www.shi.co.jp/english/ir/individuals/img/index_im09.jpg]
[www.shi.co.jp/english/ir/individuals/img/index_im12.jpg]
[www.shi.co.jp/english/ir/individuals/index.html]
[www.shi.co.jp/english/ir/policy/img/index_im01.jpg]
[www.shi.co.jp/english/ir/policy/img/index_im02.jpg]
[www.shi.co.jp/english/ir/policy/index.html]
[www.shi.co.jp/english/ir/library/img/index_im01.jpg]
[www.shi.co.jp/english/ir/library/img/index_im03.jpg]
[www.shi.co.jp/english/ir/library/img/index_im04.jpg]
[www.shi.co.jp/english/ir/library/img/index_im05.jpg]
[www.shi.co.jp/english/ir/library/img/index_im06.jpg]
[www.shi.co.jp/english/ir/library/img/index_im07.jpg]
[www.shi.co.jp/english/ir/library/index.html]
[www.shi.co.jp/english/ir/stock/img/index_im01.jpg]
[www.shi.co.jp/english/ir/stock/img/index_im02.jpg]
[www.shi.co.jp/english/ir/stock/img/index_im03.jpg]
[www.shi.co.jp/english/ir/stock/img/index_im07.jpg]
[www.shi.co.jp/english/ir/stock/img/index_im04.jpg]
[www.shi.co.jp/english/ir/stock/img/index_im05.jpg]
[www.shi.co.jp/english/ir/stock/img/index_im06.jpg]
[www.shi.co.jp/english/ir/stock/index.html]
[www.shi.co.jp/english/ir/faq/index.html]
[www.shi.co.jp/english/ir/sitemap/index.html]
[www.shi.co.jp/english/csr/img/index_message_bg01.jpg]
[www.shi.co.jp/english/csr/img/index_im01.jpg]
[www.shi.co.jp/english/csr/img/index_im02.jpg]
[www.shi.co.jp/english/csr/img/index_im03.jpg]
[www.shi.co.jp/english/csr/img/index_im05.jpg]
[www.shi.co.jp/english/csr/img/index_im06.jpg]
[www.shi.co.jp/english/csr/img/index_im04.jpg]
[www.shi.co.jp/english/csr/img/index_im07.jpg]
[www.shi.co.jp/english/csr/img/index_im08.jpg]
[www.shi.co.jp/english/app-files/img/cmn_related_im20.jpg]
[www.shi.co.jp/english/csr/index.html]
[www.shi.co.jp/english/csr/message/img/index_im01.jpg]
[www.shi.co.jp/english/csr/message/index.html]
[www.shi.co.jp/english/csr/group/img/index_im01.jpg]
[www.shi.co.jp/english/csr/group/img/index_im03.jpg]
[www.shi.co.jp/english/csr/group/img/index_im04.jpg]
[www.shi.co.jp/english/csr/group/img/index_im02.jpg]
[www.shi.co.jp/english/csr/group/index.html]
[www.shi.co.jp/english/csr/materiality/img/index_im02.png]
[www.shi.co.jp/english/csr/materiality/img/index_im03.png]
[www.shi.co.jp/english/csr/materiality/img/index_im04.png]
[www.shi.co.jp/english/csr/materiality/img/index_im05.png]
[www.shi.co.jp/english/csr/materiality/img/index_im06.png]
[www.shi.co.jp/english/csr/materiality/img/index_im07.png]
[www.shi.co.jp/english/csr/materiality/img/index_im08.png]
[www.shi.co.jp/english/csr/materiality/img/index_ic01.png]
[www.shi.co.jp/english/csr/materiality/img/index_im01.jpg]
[www.shi.co.jp/english/csr/materiality/index.html]
[www.shi.co.jp/english/csr/sdgs/img/index_sdgs03.png]
[www.shi.co.jp/english/csr/sdgs/img/index_sdgs06.png]
[www.shi.co.jp/english/csr/sdgs/img/index_sdgs07.png]
[www.shi.co.jp/english/csr/sdgs/img/index_sdgs08.png]
[www.shi.co.jp/english/csr/sdgs/img/index_sdgs09.png]
[www.shi.co.jp/english/csr/sdgs/img/index_sdgs11.png]
[www.shi.co.jp/english/csr/sdgs/img/index_sdgs12.png]
[www.shi.co.jp/english/csr/sdgs/img/index_sdgs13.png]
[www.shi.co.jp/english/csr/sdgs/index.html]
[www.shi.co.jp/english/csr/environment/img/index_im01.jpg]
[www.shi.co.jp/english/csr/environment/img/index_im02.jpg]
[www.shi.co.jp/english/csr/environment/img/index_im03.jpg]
[www.shi.co.jp/english/csr/environment/index.html]
[www.shi.co.jp/english/csr/social/img/index_im01.jpg]
[www.shi.co.jp/english/csr/social/img/index_im02.jpg]
[www.shi.co.jp/english/csr/social/img/index_im03.jpg]
[www.shi.co.jp/english/csr/social/img/index_im04.jpg]
[www.shi.co.jp/english/csr/social/index.html]
[www.shi.co.jp/english/csr/governance/img/index_im01.jpg]
[www.shi.co.jp/english/csr/governance/img/index_im02.jpg]
[www.shi.co.jp/english/csr/governance/index.html]
[www.shi.co.jp/english/csr/employee/img/index_im01.jpg]
[www.shi.co.jp/english/csr/employee/img/index_im02.jpg]
[www.shi.co.jp/english/csr/employee/img/index_im03.jpg]
[www.shi.co.jp/english/csr/employee/img/index_im04.jpg]
[www.shi.co.jp/english/csr/employee/index.html]
[www.shi.co.jp/english/csr/evaluation/img/index_im10.jpg]
[www.shi.co.jp/english/csr/evaluation/img/index_im01.jpg]
[www.shi.co.jp/english/csr/evaluation/img/index_im11.jpg]
[www.shi.co.jp/english/csr/evaluation/img/index_im08.jpg]
[www.shi.co.jp/english/csr/evaluation/img/index_im03.jpg]
[www.shi.co.jp/english/csr/evaluation/img/index_im05.jpg]
[www.shi.co.jp/english/csr/evaluation/img/index_im09.jpg]
[www.shi.co.jp/english/csr/evaluation/img/index_im06.jpg]
[www.shi.co.jp/english/csr/evaluation/img/index_im07.jpg]
[www.shi.co.jp/english/csr/evaluation/index.html]
[www.shi.co.jp/english/ir/library/rule/pdf/teikan.pdf]
[www.shi.co.jp/english/csr/pdf/green.pdf]
[www.shi.co.jp/english/csr/dialogue/pdf/partnership.pdf]
[www.shi.co.jp/english/csr/dialogue/pdf/SHIGroup_TaxPolicy.pdf]
[www.shi.co.jp/english/info/2015/6kgpsq0000001uw0-att/6kgpsq0000001uwi.pdf]
[www.shi.co.jp/english/csr/governance/control/pdf/04en.pdf]
[www.shi.co.jp/english/csr/governance/control/pdf/05_en.pdf]
[www.shi.co.jp/english/csr/governance/control/pdf/03.pdf]
[www.shi.co.jp/english/csr/dialogue/index.html]
[www.shi.co.jp/english/csr/data/index.html]
[www.shi.co.jp/english/csr/gri/index.html]
[www.shi.co.jp/english/ir/library/annual_report/pdf/ar21/21e_all.pdf]
[www.shi.co.jp/english/csr/report/img/index_im01.jpg]
[www.shi.co.jp/english/csr/report/pdf/csr_env2021.pdf]
[www.shi.co.jp/english/csr/report/img/index_im02.jpg]
[www.shi.co.jp/english/csr/report/pdf/20e_all.pdf]
[www.shi.co.jp/english/csr/report/pdf/19e_all.pdf]
[www.shi.co.jp/english/csr/report/pdf/csr_env2019.pdf]
[www.shi.co.jp/english/csr/report/pdf/18e_all.pdf]
